------------------------------------------------------------
TimeQuest Timing Analyzer Summary
------------------------------------------------------------

Type  : Slow 1100mV 100C Model Setup 'divider[0]'
Slack : -10.894
TNS   : -37439.033

Type  : Slow 1100mV 100C Model Setup 'clk_in'
Slack : -1.920
TNS   : -7.508

Type  : Slow 1100mV 100C Model Hold 'clk_in'
Slack : -2.045
TNS   : -10.180

Type  : Slow 1100mV 100C Model Hold 'divider[0]'
Slack : -0.210
TNS   : -4.731

Type  : Slow 1100mV 100C Model Minimum Pulse Width 'divider[0]'
Slack : -2.636
TNS   : -33116.470

Type  : Slow 1100mV 100C Model Minimum Pulse Width 'clk_in'
Slack : -0.538
TNS   : -4.626

Type  : Slow 1100mV -40C Model Setup 'divider[0]'
Slack : -10.892
TNS   : -35339.754

Type  : Slow 1100mV -40C Model Setup 'clk_in'
Slack : -1.962
TNS   : -7.939

Type  : Slow 1100mV -40C Model Hold 'clk_in'
Slack : -2.167
TNS   : -10.879

Type  : Slow 1100mV -40C Model Hold 'divider[0]'
Slack : -0.251
TNS   : -6.372

Type  : Slow 1100mV -40C Model Minimum Pulse Width 'divider[0]'
Slack : -2.636
TNS   : -33235.656

Type  : Slow 1100mV -40C Model Minimum Pulse Width 'clk_in'
Slack : -0.538
TNS   : -4.929

Type  : Fast 1100mV 100C Model Setup 'divider[0]'
Slack : -5.702
TNS   : -19214.697

Type  : Fast 1100mV 100C Model Setup 'clk_in'
Slack : -0.473
TNS   : -1.380

Type  : Fast 1100mV 100C Model Hold 'clk_in'
Slack : -1.162
TNS   : -5.907

Type  : Fast 1100mV 100C Model Hold 'divider[0]'
Slack : -0.077
TNS   : -0.087

Type  : Fast 1100mV 100C Model Minimum Pulse Width 'divider[0]'
Slack : -2.174
TNS   : -25952.408

Type  : Fast 1100mV 100C Model Minimum Pulse Width 'clk_in'
Slack : -0.093
TNS   : -0.552

Type  : Fast 1100mV -40C Model Setup 'divider[0]'
Slack : -4.656
TNS   : -14283.386

Type  : Fast 1100mV -40C Model Setup 'clk_in'
Slack : -0.295
TNS   : -0.875

Type  : Fast 1100mV -40C Model Hold 'clk_in'
Slack : -1.171
TNS   : -6.118

Type  : Fast 1100mV -40C Model Hold 'divider[0]'
Slack : -0.196
TNS   : -0.757

Type  : Fast 1100mV -40C Model Minimum Pulse Width 'divider[0]'
Slack : -2.174
TNS   : -25990.260

Type  : Fast 1100mV -40C Model Minimum Pulse Width 'clk_in'
Slack : -0.094
TNS   : -0.558

------------------------------------------------------------
