# Synospys Constraint Checker(syntax only), version maplat201209latp1, Build 002R, built Dec 20 2012
# Copyright (C) 1994-2012, Synopsys Inc. This software the associated documentation are confidential and proprietary to Synopsys, Inc. Your use or disclosure of this software subject to the terms and conditions of a written license agreement between you, or your company, and Synopsys, Inc.

# Written on Wed Mar 05 10:23:43 2014


##### DESIGN INFO #######################################################

Top View:                "AProp"
Constraint File(s):      (none)

#Run constraint checker to find more issues with constraints.
#########################################################################



No issues found in constraint syntax.



Clock Summary
**************

Start            Requested     Requested     Clock        Clock                
Clock            Frequency     Period        Type         Group                
-------------------------------------------------------------------------------
AProp|clk_in     103.4 MHz     9.675         inferred     Autoconstr_clkgroup_0
===============================================================================
